<html>
<body>
<pre>
<h1>µVision Build Log</h1>
<h2>Tool Versions:</h2>
IDE-Version: ¦ÌVision V5.43.1.0
Copyright (C) 2025 ARM Ltd and ARM Germany GmbH. All rights reserved.
License Information: 123 ÕÅÈý, 123, LIC=GMZI6-D6JQ8-Z96G9-457LM-NK0DU-YZB4B
 
Tool Versions:
Toolchain:       MDK-ARM Plus  Version: 5.43.0.0
Toolchain Path:  E:\ProgramFile\MDK\core\ARM\ARMCC\Bin
C Compiler:      Armcc.exe V5.06 update 7 (build 960)
Assembler:       Armasm.exe V5.06 update 7 (build 960)
Linker/Locator:  ArmLink.exe V5.06 update 7 (build 960)
Library Manager: ArmAr.exe V5.06 update 7 (build 960)
Hex Converter:   FromElf.exe V5.06 update 7 (build 960)
CPU DLL:         SARMCM3.DLL V5.43.0.0
Dialog DLL:      DCM.DLL V1.17.5.0
Target DLL:      STLink\ST-LINKIII-KEIL_SWO.dll V3.3.1.0
Dialog DLL:      TCM.DLL V1.56.6.0
 
<h2>Project:</h2>
E:\TestProgram\My_Test\ZTC - Sentry_260130_A_CLOUD_AUTO_TODO\MDK-ARM\Hero_board1_SJW.uvprojx
Project File Date:  01/23/2026

<h2>Output:</h2>
*** Using Compiler 'V5.06 update 7 (build 960)', folder: 'E:\ProgramFile\MDK\core\ARM\ARMCC\Bin'
Rebuild target 'Hero_board1_SJW'
assembling startup_stm32f407xx.s...
compiling dma.c...
compiling usart.c...
compiling rtc.c...
compiling gpio.c...
compiling stm32f4xx_hal_msp.c...
compiling can.c...
compiling stm32f4xx_it.c...
compiling usbd_desc.c...
compiling usb_device.c...
compiling usbd_conf.c...
compiling main.c...
compiling usbd_cdc_if.c...
compiling freertos.c...
compiling stm32f4xx_hal_gpio.c...
compiling stm32f4xx_hal_rcc_ex.c...
compiling stm32f4xx_hal_flash_ramfunc.c...
compiling stm32f4xx_hal_pcd_ex.c...
compiling stm32f4xx_hal_pwr_ex.c...
compiling stm32f4xx_hal_dma.c...
compiling stm32f4xx_hal_pcd.c...
compiling stm32f4xx_hal_pwr.c...
compiling stm32f4xx_hal_flash.c...
compiling stm32f4xx_hal_flash_ex.c...
compiling stm32f4xx_hal_dma_ex.c...
compiling stm32f4xx_hal_rcc.c...
compiling croutine.c...
compiling stm32f4xx_ll_usb.c...
compiling event_groups.c...
compiling list.c...
compiling queue.c...
compiling timers.c...
compiling stream_buffer.c...
compiling tasks.c...
compiling heap_4.c...
compiling cmsis_os.c...
compiling port.c...
compiling SpeedRamp.c...
compiling user_lib.c...
compiling stm32f4xx_hal.c...
compiling stm32f4xx_hal_cortex.c...
compiling stm32f4xx_hal_exti.c...
compiling system_stm32f4xx.c...
compiling FuzzyPID.c...
compiling stm32f4xx_hal_rtc.c...
compiling stm32f4xx_hal_rtc_ex.c...
compiling kalman_filter.c...
..\Alg\Alg.c\kalman_filter.c(169): warning:  #940-D: missing return statement at end of non-void function "Two_Kalman_Filter_Calc" 
  }
..\Alg\Alg.c\kalman_filter.c: 1 warning, 0 errors
compiling CRC.c...
compiling stm32f4xx_hal_can.c...
compiling pid.c...
..\Alg\Alg.c\pid.c(130): warning:  #177-D: variable "network_kp"  was declared but never referenced
    float network_kp;
..\Alg\Alg.c\pid.c(131): warning:  #177-D: variable "network_ki"  was declared but never referenced
    float network_ki;
..\Alg\Alg.c\pid.c(132): warning:  #177-D: variable "network_kd"  was declared but never referenced
    float network_kd;
..\Alg\Alg.c\pid.c(133): warning:  #550-D: variable "delta_error"  was set but never used
    float delta_error;
..\Alg\Alg.c\pid.c: 4 warnings, 0 errors
compiling stm32f4xx_hal_uart.c...
compiling FeedForward.c...
compiling BSP_Delay.c...
compiling vofa.c...
compiling M2006_Motor.c...
compiling BSP_Can.c...
compiling M6020_Motor.c...
compiling M3508_Motor.c...
compiling DT7.c...
compiling Protocol_UpperComputer.c...
..\Protocol\Protocol.c\Protocol_UpperComputer.c(77): warning:  #177-D: function "R2float"  was declared but never referenced
  static float R2float(uint8_t *p)
..\Protocol\Protocol.c\Protocol_UpperComputer.c(87): warning:  #177-D: function "R2int16"  was declared but never referenced
  static float R2int16(uint8_t *p)
..\Protocol\Protocol.c\Protocol_UpperComputer.c: 2 warnings, 0 errors
compiling BSP_Usart.c...
compiling BSP_BoardCommunication.c...
compiling TDF.c...
compiling J4310_Motor.c...
compiling Cloud_Control.c...
compiling Time_Stamp.c...
compiling usbd_core.c...
compiling usbd_ctlreq.c...
compiling Task_CanSend.c...
compiling Task_CanReceive.c...
compiling Task_RobotControl.c...
compiling Task_CommunicateWithPC.c...
compiling Task_VOFA.c...
compiling FrictionWheel.c...
compiling Task_DT7.c...
compiling Task_J4310_onlineCheck.c...
compiling Dial.c...
compiling Shoot.c...
compiling usbd_ioreq.c...
compiling usbd_cdc.c...
linking...
Program Size: Code=39340 RO-data=2352 RW-data=976 ZI-data=27320  
FromELF: creating hex file...
".\Hero_board1_SJW\Hero_board1_SJW.axf" - 0 Error(s), 7 Warning(s).

<h2>Software Packages used:</h2>

Package Vendor: ARM
                https://www.keil.com/pack/ARM.CMSIS.6.2.0.pack
                ARM::CMSIS@6.2.0
                CMSIS (Common Microcontroller Software Interface Standard)
   * Component: CORE Version: 6.1.1

Package Vendor: Keil
                https://www.keil.com/pack/Keil.STM32F4xx_DFP.3.1.1.pack
                Keil::STM32F4xx_DFP@3.1.1
                STMicroelectronics STM32F4 Series Device Support

<h2>Collection of Component include folders:</h2>
  ./RTE/_Hero_board1_SJW
  E:/ProgramFile/MDK/packs/ARM/CMSIS/6.2.0/CMSIS/Core/Include

<h2>Collection of Component Files used:</h2>

   * Component: ARM::CMSIS:CORE@6.1.1
      Include file:  CMSIS/Core/Include/tz_context.h
Build Time Elapsed:  00:00:17
</pre>
</body>
</html>
